ELEVATE AI API - PRODUCTION READINESS TEST REPORT
============================================================

Test Date: 2025-08-15 09:15:07
Duration: 15.10 seconds

Module: Blueprint Services
Status: PASSED
Return Code: 0
Output:
ğŸš€ Starting BLUEPRINT SERVICES Production Readiness Test
================================================================================

ğŸ”§ PHASE 1: Service Setup
ğŸ”§ Setting up Blueprint Services...
   ğŸš€ Setting up Gemini LLM service...
   âœ… LLM service ready
   ğŸ—ï¸  Setting up Blueprint Manager...
   âœ… Blueprint Manager ready
   ğŸ“ Setting up Blueprint Parser...
   âœ… Blueprint Parser ready
   ğŸ”„ Setting up Blueprint Lifecycle Service...
   âœ… Blueprint Lifecycle Service ready
   ğŸ”§ Setting up Primitive Transformation Service...
   âœ… Primitive Transformation Service ready
   ğŸ‰ All Blueprint Services set up successfully!

ğŸ§ª PHASE 2: Running Tests

ğŸ§ª Running: Primitive Generation

ğŸ”§ Testing Primitive Generation
------------------------------------------------------------
   ğŸš€ Testing primitive generation...
      ğŸ”„ Testing primitive transformation...
         âš ï¸  Primitive transformation failed: 'PrimitiveTransformationService' object has no attribute 'transform_primitive'
      âœ… Testing primitive validation...
         âš ï¸  Primitive validation failed: 'PrimitiveTransformationService' object has no attribute 'validate_primitive'
   âœ… Primitive generation test completed
   âœ… PASSED: Primitive Generation

ğŸ§ª Running: Blueprint Section Creation

ğŸ“‘ Testing Blueprint Section Creation
------------------------------------------------------------
   ğŸš€ Testing blueprint section creation...
      ğŸ†• Testing blueprint creation...
         âš ï¸  Blueprint creation failed: 'LearningBlueprint' object has no attribute 'get'
      ğŸ“ Testing blueprint parsing...
         âš ï¸  Blueprint parsing failed: 'dict' object has no attribute 'source_id'
      ğŸ”„ Testing blueprint lifecycle...
         âœ… Blueprint lifecycle status retrieved
   âœ… Blueprint section creation test completed
   âœ… PASSED: Blueprint Section Creation

ğŸ§ª Running: Blueprint Parsing

ğŸ“ Testing Blueprint Parsing
------------------------------------------------------------
   ğŸš€ Testing blueprint parsing...
      âœ… Testing blueprint validation...
         âš ï¸  Blueprint validation failed: 'BlueprintParser' object has no attribute 'validate_blueprint'
      ğŸ·ï¸  Testing metadata extraction...
         âš ï¸  Metadata extraction failed: 'BlueprintParser' object has no attribute 'extract_metadata'
   âœ… Blueprint parsing test completed
   âœ… PASSED: Blueprint Parsing

ğŸ§ª Running: Blueprint Lifecycle

ğŸ”„ Testing Blueprint Lifecycle
------------------------------------------------------------
   ğŸš€ Testing blueprint lifecycle...
      ğŸ”„ Testing lifecycle operations...
         âš ï¸  Lifecycle operations failed: 'LearningBlueprint' object has no attribute 'get'
   âœ… Blueprint lifecycle test completed
   âœ… PASSED: Blueprint Lifecycle

================================================================================
ğŸ“Š BLUEPRINT SERVICES TEST SUMMARY
================================================================================
âœ… PASSED: Primitive Generation
âœ… PASSED: Blueprint Section Creation
âœ… PASSED: Blueprint Parsing
âœ… PASSED: Blueprint Lifecycle

ğŸ¯ Overall: 4/4 tests passed
ğŸ‰ ALL BLUEPRINT TESTS PASSED! Services are production-ready!

ğŸ‰ Blueprint services test suite completed successfully!

Errors:
/home/antonio/anaconda3/lib/python3.12/site-packages/pydantic/_internal/_config.py:373: UserWarning: Valid config keys have changed in V2:
* 'schema_extra' has been renamed to 'json_schema_extra'
  warnings.warn(message, UserWarning)
Failed to get indexing stats: Embedding service not initialized. Call initialize_embedding_service() first.
Failed to get blueprint status for test_blueprint_123: Failed to get indexing stats: Embedding service not initialized. Call initialize_embedding_service() first.
Traceback:
Traceback (most recent call last):
  File "/home/antonio/programming/elevate/core_and_ai/elevate-ai-api/app/core/indexing_pipeline.py", line 481, in get_indexing_stats
    await self._initialize_services()
  File "/home/antonio/programming/elevate/core_and_ai/elevate-ai-api/app/core/indexing_pipeline.py", line 99, in _initialize_services
    self.embedding_service = await get_embedding_service()
                             ^^^^^^^^^^^^^^^^^^^^^^^^^^^^^
  File "/home/antonio/programming/elevate/core_and_ai/elevate-ai-api/app/core/embeddings.py", line 332, in get_embedding_service
    raise EmbeddingError("Embedding service not initialized. Call initialize_embedding_service() first.")
app.core.embeddings.EmbeddingError: Embedding service not initialized. Call initialize_embedding_service() first.

During handling of the above exception, another exception occurred:

Traceback (most recent call last):
  File "/home/antonio/programming/elevate/core_and_ai/elevate-ai-api/app/core/blueprint_lifecycle.py", line 312, in get_blueprint_status
    stats = await self.indexing_pipeline.get_indexing_stats(blueprint_id)
            ^^^^^^^^^^^^^^^^^^^^^^^^^^^^^^^^^^^^^^^^^^^^^^^^^^^^^^^^^^^^^
  File "/home/antonio/programming/elevate/core_and_ai/elevate-ai-api/app/core/indexing_pipeline.py", line 511, in get_indexing_stats
    raise IndexingPipelineError(f"Failed to get indexing stats: {e}")
app.core.indexing_pipeline.IndexingPipelineError: Failed to get indexing stats: Embedding service not initialized. Call initialize_embedding_service() first.


----------------------------------------

Module: Mastery & Learning Services
Status: FAILED
Return Code: 1
Output:
ğŸš€ Starting MASTERY & LEARNING SERVICES Production Readiness Test
================================================================================

ğŸ”§ PHASE 1: Service Setup
ğŸ”§ Setting up Mastery & Learning Services...
   ğŸš€ Setting up Gemini LLM service...
   âœ… LLM service ready
   ğŸ¯ Setting up Mastery Criteria Service...
   âœ… Mastery Criteria Service ready
   â“ Setting up Question Generation Service...
   âœ… Question Generation Service ready
   ğŸ—ºï¸  Setting up Question Mapping Service...
   âœ… Question Mapping Service ready
   ğŸ”— Setting up Criterion Question Generation Service...
   âœ… Criterion Question Generation Service ready
   ğŸ‰ All Mastery Services set up successfully!

ğŸ§ª PHASE 2: Running Tests

ğŸ§ª Running: Mastery Criteria Generation

ğŸ¯ Testing Mastery Criteria Generation
------------------------------------------------------------
   ğŸš€ Testing mastery criteria generation...
      ğŸ¯ Generating mastery criteria...
   âŒ Mastery criteria generation test failed: MasteryCriteriaService.generate_mastery_criteria() got an unexpected keyword argument 'content'
   âŒ FAILED: Mastery Criteria Generation

ğŸ§ª Running: Question Generation

â“ Testing Question Generation
------------------------------------------------------------
   ğŸš€ Testing question generation...
      ğŸ” Testing multiple_choice questions...
   âŒ Question generation test failed: 'QuestionGenerationService' object has no attribute 'generate_questions'
   âŒ FAILED: Question Generation

ğŸ§ª Running: Question Mapping

ğŸ—ºï¸  Testing Question Mapping
------------------------------------------------------------
   ğŸš€ Testing question mapping...
      ğŸ¯ Generating sample criteria...
      â“ Generating sample questions...
      ğŸ”— Testing question-to-criteria mapping...
   âŒ Question mapping test failed: QuestionMappingService.map_questions_to_criteria() missing 2 required positional arguments: 'primitive' and 'source_content'
   âŒ FAILED: Question Mapping

ğŸ§ª Running: Criterion Question Generation

ğŸ”— Testing Criterion Question Generation
------------------------------------------------------------
   ğŸš€ Testing criterion question generation...
      â“ Generating questions for criterion...
   âŒ Criterion question generation test failed: CriterionQuestionGenerator.generate_questions_for_criterion() got an unexpected keyword argument 'count_per_type'
   âŒ FAILED: Criterion Question Generation

ğŸ§ª Running: Integrated Learning Workflow

ğŸ”„ Testing Integrated Learning Workflow
------------------------------------------------------------
   ğŸš€ Testing integrated workflow...
      ğŸ¯ Step 1: Generating mastery criteria...
   âŒ Integrated learning workflow test failed: MasteryCriteriaService.generate_mastery_criteria() got an unexpected keyword argument 'content'
   âŒ FAILED: Integrated Learning Workflow

================================================================================
ğŸ“Š MASTERY & LEARNING SERVICES TEST SUMMARY
================================================================================
âŒ FAILED: Mastery Criteria Generation
âŒ FAILED: Question Generation
âŒ FAILED: Question Mapping
âŒ FAILED: Criterion Question Generation
âŒ FAILED: Integrated Learning Workflow

ğŸ¯ Overall: 0/5 tests passed
âš ï¸  Some mastery tests failed. Check the output above for details.

âŒ Some mastery service tests failed!

Errors:
/home/antonio/anaconda3/lib/python3.12/site-packages/pydantic/_internal/_config.py:373: UserWarning: Valid config keys have changed in V2:
* 'schema_extra' has been renamed to 'json_schema_extra'
  warnings.warn(message, UserWarning)
Traceback (most recent call last):
  File "/home/antonio/programming/elevate/core_and_ai/elevate-ai-api/test_mastery_services.py", line 92, in test_mastery_criteria_generation
    criteria = await self.mastery_service.generate_mastery_criteria(
                     ^^^^^^^^^^^^^^^^^^^^^^^^^^^^^^^^^^^^^^^^^^^^^^^
TypeError: MasteryCriteriaService.generate_mastery_criteria() got an unexpected keyword argument 'content'
Traceback (most recent call last):
  File "/home/antonio/programming/elevate/core_and_ai/elevate-ai-api/test_mastery_services.py", line 149, in test_question_generation
    questions = await self.question_service.generate_questions(
                      ^^^^^^^^^^^^^^^^^^^^^^^^^^^^^^^^^^^^^^^^
AttributeError: 'QuestionGenerationService' object has no attribute 'generate_questions'. Did you mean: 'generate_questions_batch'?
Traceback (most recent call last):
  File "/home/antonio/programming/elevate/core_and_ai/elevate-ai-api/test_mastery_services.py", line 228, in test_question_mapping
    mappings = await self.mapping_service.map_questions_to_criteria(
                     ^^^^^^^^^^^^^^^^^^^^^^^^^^^^^^^^^^^^^^^^^^^^^^^
TypeError: QuestionMappingService.map_questions_to_criteria() missing 2 required positional arguments: 'primitive' and 'source_content'
Traceback (most recent call last):
  File "/home/antonio/programming/elevate/core_and_ai/elevate-ai-api/test_mastery_services.py", line 274, in test_criterion_question_generation
    criterion_questions = await self.criterion_question_service.generate_questions_for_criterion(
                                ^^^^^^^^^^^^^^^^^^^^^^^^^^^^^^^^^^^^^^^^^^^^^^^^^^^^^^^^^^^^^^^^^
TypeError: CriterionQuestionGenerator.generate_questions_for_criterion() got an unexpected keyword argument 'count_per_type'
Traceback (most recent call last):
  File "/home/antonio/programming/elevate/core_and_ai/elevate-ai-api/test_mastery_services.py", line 333, in test_integrated_learning_workflow
    criteria = await self.mastery_service.generate_mastery_criteria(
                     ^^^^^^^^^^^^^^^^^^^^^^^^^^^^^^^^^^^^^^^^^^^^^^^
TypeError: MasteryCriteriaService.generate_mastery_criteria() got an unexpected keyword argument 'content'

----------------------------------------

Module: Note Services
Status: FAILED
Return Code: 1
Errors:
Traceback (most recent call last):
  File "/home/antonio/programming/elevate/core_and_ai/elevate-ai-api/test_note_services.py", line 23, in <module>
    from app.core.note_services.content_conversion_service import ContentConversionService
ModuleNotFoundError: No module named 'app.core.note_services.content_conversion_service'

----------------------------------------

Module: RAG & Search Services
Status: FAILED
Return Code: 1
Output:
ğŸš€ Starting RAG & SEARCH SERVICES Production Readiness Test
================================================================================

ğŸ”§ PHASE 1: Service Setup
ğŸ”§ Setting up RAG & Search Services...
   ğŸš€ Setting up Gemini LLM service...
   âœ… LLM service ready
   ğŸŒ² Setting up vector store...
   âœ… Pinecone store ready
   ğŸ”¤ Setting up Google embedding service...
   âœ… Embedding service ready
   ğŸ” Setting up RAG Engine...
   âŒ Service setup failed: RAGSearchService.__init__() missing 2 required positional arguments: 'vector_store' and 'embedding_service'
âŒ Service setup failed. Cannot proceed with tests.

âŒ Some RAG service tests failed!

Errors:
/home/antonio/anaconda3/lib/python3.12/site-packages/pydantic/_internal/_config.py:373: UserWarning: Valid config keys have changed in V2:
* 'schema_extra' has been renamed to 'json_schema_extra'
  warnings.warn(message, UserWarning)
Traceback (most recent call last):
  File "/home/antonio/programming/elevate/core_and_ai/elevate-ai-api/test_rag_services.py", line 77, in setup_services
    self.rag_engine = RAGEngine()
                      ^^^^^^^^^^^
  File "/home/antonio/programming/elevate/core_and_ai/elevate-ai-api/app/core/rag_engine.py", line 23, in __init__
    self.rag_search = RAGSearchService()
                      ^^^^^^^^^^^^^^^^^^
TypeError: RAGSearchService.__init__() missing 2 required positional arguments: 'vector_store' and 'embedding_service'

----------------------------------------

Module: Chat & Interaction Services
Status: FAILED
Return Code: 1
Errors:
/home/antonio/anaconda3/lib/python3.12/site-packages/pydantic/_internal/_config.py:373: UserWarning: Valid config keys have changed in V2:
* 'schema_extra' has been renamed to 'json_schema_extra'
  warnings.warn(message, UserWarning)
Traceback (most recent call last):
  File "/home/antonio/programming/elevate/core_and_ai/elevate-ai-api/test_chat_services.py", line 19, in <module>
    from app.core.chat import ChatService
ImportError: cannot import name 'ChatService' from 'app.core.chat' (/home/antonio/programming/elevate/core_and_ai/elevate-ai-api/app/core/chat.py)

----------------------------------------

Module: Integration Workflows
Status: FAILED
Return Code: 1
Errors:
Traceback (most recent call last):
  File "/home/antonio/programming/elevate/core_and_ai/elevate-ai-api/test_integration_workflows.py", line 24, in <module>
    from app.core.blueprint_lifecycle import BlueprintLifecycleManager
ImportError: cannot import name 'BlueprintLifecycleManager' from 'app.core.blueprint_lifecycle' (/home/antonio/programming/elevate/core_and_ai/elevate-ai-api/app/core/blueprint_lifecycle.py). Did you mean: 'BlueprintLifecycleService'?

----------------------------------------

Module: Vector Store Operations
Status: FAILED
Return Code: 1
Output:
ğŸš€ Starting VECTOR STORE OPERATIONS Production Readiness Test
================================================================================

ğŸ”§ PHASE 1: Service Setup
ğŸ”§ Setting up Vector Store Services...
   ğŸš€ Setting up Gemini LLM service...
   âœ… LLM service ready
   ğŸŒ² Setting up Pinecone vector store...
   âœ… Pinecone store ready
   ğŸ  Setting up ChromaDB vector store...
   âœ… ChromaDB store ready
   ğŸ”¤ Setting up Google embedding service...
   âœ… Embedding service ready
   ğŸ” Setting up RAG search service...
   âœ… RAG search service ready
   ğŸ“¥ Setting up indexing pipeline...
   âŒ Service setup failed: IndexingPipeline.__init__() got an unexpected keyword argument 'vector_store'
âŒ Service setup failed. Cannot proceed with tests.

âŒ Some vector store operation tests failed!

Errors:
Traceback (most recent call last):
  File "/home/antonio/programming/elevate/core_and_ai/elevate-ai-api/test_vector_store_operations.py", line 86, in setup_services
    self.indexing_pipeline = IndexingPipeline(
                             ^^^^^^^^^^^^^^^^^
TypeError: IndexingPipeline.__init__() got an unexpected keyword argument 'vector_store'

----------------------------------------

